Test-result

AE(assignment example)-success (01.txt)

p
p q s 
q p s t r
r q t 
s p q t u
t q r u s
u s t 


bigger AE-success (04.txt)

p
p q s u
q p s t r
r q t 
s p q t u
t q r u s
u s t p

AE + small isolated graph-success (05.txt)

p
p q s
q p s t r
r q t 
s p q t u
t q r u s
u s t
f a 
a f

AE + large isolated graph-success (06.txt)

p
p q s
q p s t r
r q t 
s p q t u
t q r u s
u s t
f a b 
a f c
b f c 
c a b

starting in past 2 in a-success

single iniator-crash tarry.erl line 15

p

fixed with the new error check code.

single iniator and node - success (07.txt)

p
p

large graph-success (08.txt)

a
a b z
b c a 
c d b
d e c
e f d
f g e
g h f
h i g
i j h
j k i
k l j
l m k
m n l
n o m 
o p n
p q o
q r p
r s q
s t r
t u s
u v t
v w u 
w x v
x y w
y z x 
z a y

